<!DOCTYPE html>
<html lang="en">
    <head>
        <meta name="viewport" content="width=device-width, initial-scale=1.0">
        <meta charset="utf-8">
        <link rel="stylesheet" href="css/main.css">
        <title>Golden</title>
    </head>
    
    <body>
        <header>
            <div class="container">
                <div class="heading clearfix">
                    <img src="img/logo.png" alt="Логотип Golden" id="logo">
                    <nav>
                        <ul class="menu">
                            <li><a href="#">Home</a></li>
                            <li><a href="#">Services</a></li>
                            <li><a href="#">Portfolio</a></li>
                            <li><a href="#">About</a></li>
                            <li><a href="#">Contact</a></li>
                        </ul>
                    </nav>
                </div>
                
                <div class="title-and-button">
                    <h1>Welcome To Our Studio!</h1>
                    <h2>It’s nice to Meet you</h2>
                    <a class="button" href="#">Tell Me More</a>
                </div>
            </div>
        </header>
        
        <section id="services">
            <div class="container">
                <div class="titles">
                    <h1>Services</h1>
                    <h2>Proin iaculis purus consequat sem cure.</h2>
                </div>
                
                <div class="services flex-box">
                    <div class="service-item">
                        <img src="img/icon1.png" alt="Иконка корзины для покупок">
                        <h1>E-Commerce</h1>
                        <p>Proin iaculis purus consequat sem cure 
                           digni ssim. Donec porttitora entum suscipit 
                           aenean rhoncus posuere odio in tincidunt.</p>
                    </div>
                    
                    <div class="service-item">
                        <img src="img/icon2.png" alt="Иконка ноутбука с галочкой на экране">
                        <h1>Responsive Web</h1>
                        <p>Proin iaculis purus consequat sem cure 
                           digni ssim. Donec porttitora entum suscipit 
                           aenean rhoncus posuere odio in tincidunt.</p>
                    </div>
                    
                    <div class="service-item">
                        <img src="img/icon3.png" alt="Иконка закрытого замочка">
                        <h1>Web Security</h1>
                        <p>Proin iaculis purus consequat sem cure 
                           digni ssim. Donec porttitora entum suscipit 
                           aenean rhoncus posuere odio in tincidunt.</p>
                    </div>
                </div>
            </div>
        </section>
        
        <section id="portfolio">
            <div class="container">
                <div class="titles">
                    <h1>Our portfolio</h1>
                    <h2>Proin iaculis purus consequat sem cure.</h2>
                </div>
                
                <div class="works">
                    <img src="img/img1.jpg" alt="Work 1" class="col-1-3"><!--
                 --><img src="img/img2.jpg" alt="Work 2" class="col-1-3"><!--
                 --><img src="img/img3.jpg" alt="Work 3" class="col-1-3">
                </div>
            </div>
        </section>
        
        <section id="about-us">
            <div class="container">
                <div class="titles">
                    <h1>About us</h1>
                    <h2>Proin iaculis purus consequat sem cure.</h2>
                </div>
                
                    <div class="block flex-box">
                        <div class="sign col-1-3">
                            <h1>July 2010</h1>
                            <h2>Our Humble Beginnings</h2>
                            <p>
                            Proin iaculis purus consequat sem cure 
                            digni ssim. Donec porttitora entum suscipit 
                            aenean rhoncus posuere odio in tincidunt. Proin 
                            iaculis purus consequat sem cure digni 
                            ssim. Donec porttitora entum suscipit.
                            </p>
                        </div>
                        <div class="image col-1-3"><img src="img/about1.jpg" alt="Workspace"></div>
                    </div>

                    <div class="block reverse flex-box">
                        <div class="sign col-1-3">
                            <h1>January 2011</h1>
                            <h2>Facing Startup Battles</h2>
                            <p>
                            Proin iaculis purus consequat sem cure 
                            digni ssim. Donec porttitora entum suscipit 
                            aenean rhoncus posuere odio in tincidunt. Proin 
                            iaculis purus consequat sem cure digni 
                            ssim. Donec porttitora entum suscipit aenean 
                            rhoncus posuere odio in tincidunt.
                            </p>
                        </div>
                        <div class="image col-1-3"><img src="img/about2.jpg" alt="Coast"></div>
                    </div>

                    <div class="block flex-box">
                        <div class="sign col-1-3">
                            <h1>December 2012</h1>
                            <h2>Enter The Dark Days</h2>
                            <p>
                            Proin iaculis purus consequat sem cure 
                            digni ssim. Donec porttitora entum suscipit 
                            aenean rhoncus posuere odio in tincidunt. Proin 
                            iaculis purus consequat sem cure digni.
                            </p>
                        </div>
                        <div class="image col-1-3"><img src="img/about3.jpg" alt="Concert"></div>
                    </div>

                    <div class="block reverse flex-box">
                        <div class="sign col-1-3">
                            <h1>February 2014</h1>
                            <h2>Our Triumph</h2>
                            <p>
                            Proin iaculis purus consequat sem cure 
                            digni ssim. Donec porttitora entum suscipit 
                            aenean rhoncus posuere odio in tincidunt. Proin 
                            iaculis purus consequat sem cure digni 
                            ssim. Donec porttitora entum suscipit aenean.
                            </p>
                        </div>
                        <div class="image col-1-3"><img src="img/about4.jpg" alt="Hiking"></div>
                    </div>
            
            </div>
        </section>
        
        <footer>
            <div class="container">
                <p>© Copyright 2014 FreebiesXpress.com</p>
            </div>
        </footer>
    </body>
</html>